// Jest Snapshot v1, https://goo.gl/fbAQLP

exports[`Order Detail unit tests renders correctly, snapshot test 1`] = `null`;
